
Hexadecimal

Area                               Addr   Size   Decimal Bytes (Attributes)
--------------------------------   ----   ----   ------- ----- ------------
CABS                               0000   0000 =      0. bytes (ABS,CON,CODE)

      Value  Global
   --------  --------------------------------
  0C:0000    l_BIT_BANK
  0C:0000    l_CABS
  0C:0000    l_GSINIT
  0C:0000    l_GSINIT1
  0C:0000    l_GSINIT5
  0C:0000    l_IABS
  0C:0000    l_ISEG
  0C:0000    l_OSEG
  0C:0000    l_PSEG
  0C:0000    l_REG_BANK_1
  0C:0000    l_REG_BANK_2
  0C:0000    l_REG_BANK_3
  0C:0000    l_RSEG
  0C:0000    l_XABS
  0C:0000    l__CODE
  0C:0000    s_BSEG
  0C:0000    s_CABS
  0C:0000    s_DSEG
  0C:0000    s_HOME
  0C:0000    s_IABS
  0C:0000    s_ISEG
  0C:0000    s_PSEG
  0C:0000    s_REG_BANK_0
  0C:0000    s_XABS
  0C:0000    s_XSEG
  0C:0001    l_BSEG
  0C:0001    l_BSEG_BYTES
  0C:0003    l_GSFINAL
  0C:0003    l_GSINIT0
  0C:0008    l_REG_BANK_0
  0C:0008    s_REG_BANK_1
  0C:000A    l_GSINIT2
  0C:0010    s_REG_BANK_2
  0C:0013    l_HOME
  0C:0013    s_GSINIT0
  0C:0016    s_GSINIT1
  0C:0016    s_GSINIT2
  0C:0018    s_BIT_BANK
  0C:0018    s_OSEG
  0C:0018    s_REG_BANK_3
  0C:0020    s_BSEG_BYTES
  0C:0020    s_GSINIT3
  0C:0020    s__CODE
  0C:0021    s_RSEG
  0C:0021    s_SSEG
  0C:0022    l_GSINIT3
  0C:002A    l_GSINIT4
  0C:0042    s_GSINIT4
  0C:006C    s_GSFINAL
  0C:006C    s_GSINIT
  0C:006C    s_GSINIT5
  0C:006F    s_CSEG
  0C:007D    l_DSEG
  0C:00A3    l_CONST
  0C:00DF    l_SSEG
  0C:0100    l_IRAM
  0C:039A    l_XSEG
  0C:039A    s_XISEG
  0C:056F    l_XINIT
  0C:056F    l_XISEG
  0C:3469    l_CSEG
  0C:34D8    s_CONST
  0C:357B    s_XINIT



Hexadecimal

Area                               Addr   Size   Decimal Bytes (Attributes)
--------------------------------   ----   ----   ------- ----- ------------
.  .ABS.                           0000   0000 =      0. bytes (ABS,CON)

      Value  Global
   --------  --------------------------------
     0080    _P0
     0080    _P0_0
     0081    _P0_1
     0081    _SP
     0082    _DPL
     0082    _P0_2
     0083    _DPH
     0083    _P0_3
     0084    _P0_4
     0085    _P0_5
     0086    _P0_6
     0087    _P0_7
     0087    _PCON
     0088    _IT0
     0088    _TCON
     0089    _IE0
     0089    _TMOD
     008A    _IT1
     008A    _TL0
     008B    _IE1
     008B    _TL1
     008C    _TH0
     008C    _TR0
     008D    _TF0
     008D    _TH1
     008E    _TR1
     008F    _TF1
     0090    _P1
     0090    _P1_0
     0091    _P1_1
     0092    _P1_2
     0093    _P1_3
     0094    _P1_4
     0095    _P1_5
     0096    _P1_6
     0097    _P1_7
     0098    _RI
     0098    _SCON
     0099    _SBUF
     0099    _TI
     009A    _RB8
     009B    _TB8
     009C    _REN
     009D    _SM2
     009E    _SM1
     009F    _SM0
     00A0    _P2
     00A0    _P2_0
     00A0    __XPAGE
     00A1    _P2_1
     00A2    _P2_2
     00A3    _P2_3
     00A4    _P2_4
     00A5    _P2_5
     00A6    _P2_6
     00A7    _P2_7
     00A8    _EX0
     00A8    _IE
     00A9    _ET0
     00AA    _EX1
     00AB    _ET1
     00AC    _ES
     00AF    _EA
     00B0    _P3
     00B0    _P3_0
     00B0    _RXD
     00B1    _P3_1
     00B1    _TXD
     00B2    _INT0
     00B2    _P3_2
     00B3    _INT1
     00B3    _P3_3
     00B4    _P3_4
     00B4    _T0
     00B5    _P3_5
     00B5    _T1
     00B6    _P3_6
     00B6    _WR
     00B7    _P3_7
     00B7    _RD
     00B8    _IP
     00B8    _PX0
     00B9    _PT0
     00BA    _PX1
     00BB    _PT1
     00BC    _PS
     00D0    _P
     00D0    _PSW
     00D1    _F1
     00D2    _OV
     00D3    _RS0
     00D4    _RS1
     00D5    _F0
     00D6    _AC
     00D7    _CY
     00E0    _ACC
     00F0    _B
     00F5    _B_5
     00F6    _B_6
     00F7    _B_7
     FFE4    _dacWrite












Hexadecimal

Area                               Addr   Size   Decimal Bytes (Attributes)
--------------------------------   ----   ----   ------- ----- ------------
SSEG                               0021   00DF =    223. bytes (REL,OVR)

      Value  Global
   --------  --------------------------------
     0021    __start__stack



Hexadecimal

Area                               Addr   Size   Decimal Bytes (Attributes)
--------------------------------   ----   ----   ------- ----- ------------
XSEG                               0000   039A =    922. bytes (REL,CON,XDATA)

      Value  Global
   --------  --------------------------------
  0D:0127    _setCursorAt_PARM_2
  0D:012A    _printMapAt_PARM_2
  0D:026D    _configMap_PARM_2
  0D:026E    _configMap_PARM_3
  0D:0271    _setPlayerCursor_PARM_2
  0D:0272    _setPlayerCursor_PARM_3
  0D:0273    _setPlayerCursor_PARM_4
  0D:0275    _LCD_putTextAt_PARM_2
  0D:0276    _LCD_putTextAt_PARM_3
  0D:028C    _LCD_putText_PARM_2
  0D:028D    _LCD_putText_PARM_3
  0D:02C5    _LCD_putCharAt_PARM_2
  0D:02C6    _LCD_putCharAt_PARM_3
  0D:02C8    _LCD_putSCharAt_PARM_2
  0D:02C9    _LCD_putSCharAt_PARM_3
  0D:02CA    _LCD_putSCharAt_PARM_4
  0D:02D3    _delay_PARM_2
  0D:02DD    _speaker_PARM_2
  0D:02E1    _squareWave_PARM_2
  0D:02EE    _SCmap
  0D:032E    _map
  0D:036E    _Timer0
  0D:0375    _player
  0D:037A    _serialConfig_PARM_2
  0D:037E    _serialControl_PARM_2
  0D:0385    _pow_PARM_2
  0D:0388    __divuint_PARM_2
  0D:038E    __gptrput_PARM_2
  0D:038F    __mulint_PARM_2
  0D:0391    __moduint_PARM_2
  0D:0396    __divsint_PARM_2

Hexadecimal

Area                               Addr   Size   Decimal Bytes (Attributes)
--------------------------------   ----   ----   ------- ----- ------------
XISEG                              039A   056F =   1391. bytes (REL,CON,XDATA)

      Value  Global
   --------  --------------------------------
  0D:0738    _mainMario_melody
  0D:07D4    _mainMario_noteTime
  0D:0822    _underworld_melody
  0D:0892    _underworld_noteTime
  0D:08CA    _adobe_melody
  0D:08EA    _adobe_noteTime
  0D:08FA    _beep1_melody
  0D:08FE    _beep1_noteTime
  0D:0900    _beep2_melody
  0D:0904    _beep2_noteTime
  0D:0906    _i

Hexadecimal

Area                               Addr   Size   Decimal Bytes (Attributes)
--------------------------------   ----   ----   ------- ----- ------------
HOME                               0000   0013 =     19. bytes (REL,CON,CODE)

      Value  Global
   --------  --------------------------------
  0C:000E    __sdcc_program_startup

Hexadecimal

Area                               Addr   Size   Decimal Bytes (Attributes)
--------------------------------   ----   ----   ------- ----- ------------
GSINIT0                            0013   0003 =      3. bytes (REL,CON,CODE)

      Value  Global
   --------  --------------------------------
  0C:0013    __sdcc_gsinit_startup



Hexadecimal

Area                               Addr   Size   Decimal Bytes (Attributes)
--------------------------------   ----   ----   ------- ----- ------------
GSINIT3                            0020   0022 =     34. bytes (REL,CON,CODE)

      Value  Global
   --------  --------------------------------
  0C:0020    __mcs51_genXINIT

Hexadecimal

Area                               Addr   Size   Decimal Bytes (Attributes)
--------------------------------   ----   ----   ------- ----- ------------
GSINIT4                            0042   002A =     42. bytes (REL,CON,CODE)

      Value  Global
   --------  --------------------------------
  0C:0042    __mcs51_genRAMCLEAR
  0C:0048    __mcs51_genXRAMCLEAR




Hexadecimal

Area                               Addr   Size   Decimal Bytes (Attributes)
--------------------------------   ----   ----   ------- ----- ------------
CSEG                               006F   3469 =  13417. bytes (REL,CON,CODE)

      Value  Global
   --------  --------------------------------
  0C:006F    _interruptConfig
  0C:0076    _configs
  0C:009B    _setInitialScreen
  0C:00E3    _setInstructions
  0C:0194    _setLevel1
  0C:0299    _setLevel2
  0C:039E    _setLevel3
  0C:04A3    _setLevel4
  0C:05A8    _setLevel5
  0C:06AD    _setFinish
  0C:06E3    _main
  0C:0700    _LCDconfig
  0C:0744    _setCursorAt
  0C:079C    _setChar
  0C:07B5    _printMapAt
  0C:07F3    _printMap
  0C:085C    _setMap1CGram
  0C:0C76    _setMap2CGram
  0C:108E    _setMap3CGram
  0C:14A6    _setMap4CGram
  0C:18BF    _setMap5CGram
  0C:1CD8    _configMap
  0C:1D49    _setCursorHomeAtLine
  0C:1D89    _setPlayerCursor
  0C:1E58    _clearLCD
  0C:1E9C    _LCD_putTextAt
  0C:1FAE    _LCD_putText
  0C:2233    _LCD_putCharAt
  0C:2254    _LCD_putSCharAt
  0C:229A    _timerConfig
  0C:22B8    _delay
  0C:2392    _timer
  0C:242A    _speaker
  0C:24ED    _squareWave
  0C:253F    _sing
  0C:2743    _transmitter
  0C:2758    _transNumber
  0C:2786    _receiver
  0C:278B    _receivedChar
  0C:2792    _serialConfig
  0C:27BD    _serialBegin
  0C:27D5    _serialControl
  0C:328C    _pow
  0C:32C0    __divuint
  0C:335A    __gptrput
  0C:3373    __mulint
  0C:3393    __moduint
  0C:3440    __divsint
  0C:34B8    __gptrget
  0C:34D4    __sdcc_external_startup


ASxxxx Linker V01.75 + NoICE + SDCC Feb 1999,  page 1.

Files Linked      [ module(s) ]

main.rel        
LCD.rel         
TIMER.rel       
DAC.rel         
SERIAL.rel      
Math.rel        

Libraries Linked            [   object  file   ]

C:\mide\sdcc\bin\..\lib\large/libint.lib    [         _divuint ]
C:\mide\sdcc\bin\..\lib\large/mcs51.lib    [     crtclear.rel ]
C:\mide\sdcc\bin\..\lib\large/mcs51.lib    [     crtxinit.rel ]
C:\mide\sdcc\bin\..\lib\large/libsdcc.lib    [         _gptrput ]
C:\mide\sdcc\bin\..\lib\large/libint.lib    [          _mulint ]
C:\mide\sdcc\bin\..\lib\large/libint.lib    [         _moduint ]
C:\mide\sdcc\bin\..\lib\large/libint.lib    [         _divsint ]
C:\mide\sdcc\bin\..\lib\large/mcs51.lib    [    crtxclear.rel ]
C:\mide\sdcc\bin\..\lib\large/mcs51.lib    [   crtpagesfr.rel ]
C:\mide\sdcc\bin\..\lib\large/mcs51.lib    [     crtstart.rel ]
C:\mide\sdcc\bin\..\lib\large/libsdcc.lib    [         _gptrget ]
C:\mide\sdcc\bin\..\lib\large/libsdcc.lib    [         _startup ]

ASxxxx Linker V01.75 + NoICE + SDCC Feb 1999,  page 2.

User Base Address Definitions

HOME = 0x0000
ISEG = 0x0000
BSEG = 0x0000

