
Hexadecimal

Area                               Addr   Size   Decimal Bytes (Attributes)
--------------------------------   ----   ----   ------- ----- ------------
CABS                               0000   0000 =      0. bytes (ABS,CON,CODE)

      Value  Global
   --------  --------------------------------
  0C:0000    l_BIT_BANK
  0C:0000    l_CABS
  0C:0000    l_GSINIT
  0C:0000    l_GSINIT1
  0C:0000    l_GSINIT5
  0C:0000    l_IABS
  0C:0000    l_ISEG
  0C:0000    l_OSEG
  0C:0000    l_PSEG
  0C:0000    l_REG_BANK_1
  0C:0000    l_REG_BANK_2
  0C:0000    l_REG_BANK_3
  0C:0000    l_RSEG
  0C:0000    l_XABS
  0C:0000    l__CODE
  0C:0000    s_BSEG
  0C:0000    s_CABS
  0C:0000    s_DSEG
  0C:0000    s_HOME
  0C:0000    s_IABS
  0C:0000    s_ISEG
  0C:0000    s_PSEG
  0C:0000    s_REG_BANK_0
  0C:0000    s_XABS
  0C:0000    s_XSEG
  0C:0001    l_BSEG
  0C:0001    l_BSEG_BYTES
  0C:0003    l_GSFINAL
  0C:0003    l_GSINIT0
  0C:0008    l_REG_BANK_0
  0C:0008    s_REG_BANK_1
  0C:000A    l_GSINIT2
  0C:0010    s_REG_BANK_2
  0C:0013    l_HOME
  0C:0013    s_GSINIT0
  0C:0016    s_GSINIT1
  0C:0016    s_GSINIT2
  0C:0018    s_BIT_BANK
  0C:0018    s_OSEG
  0C:0018    s_REG_BANK_3
  0C:0020    s_BSEG_BYTES
  0C:0020    s_GSINIT3
  0C:0020    s__CODE
  0C:0021    s_RSEG
  0C:0021    s_SSEG
  0C:0022    l_GSINIT3
  0C:002A    l_GSINIT4
  0C:0042    s_GSINIT4
  0C:006C    s_GSFINAL
  0C:006C    s_GSINIT
  0C:006C    s_GSINIT5
  0C:006F    s_CSEG
  0C:007B    l_DSEG
  0C:00DF    l_SSEG
  0C:00EC    l_CONST
  0C:0100    l_IRAM
  0C:01C5    l_XINIT
  0C:01C5    l_XISEG
  0C:0397    l_XSEG
  0C:0397    s_XISEG
  0C:360D    l_CSEG
  0C:367C    s_CONST
  0C:3768    s_XINIT



Hexadecimal

Area                               Addr   Size   Decimal Bytes (Attributes)
--------------------------------   ----   ----   ------- ----- ------------
.  .ABS.                           0000   0000 =      0. bytes (ABS,CON)

      Value  Global
   --------  --------------------------------
     0080    _P0
     0080    _P0_0
     0081    _P0_1
     0081    _SP
     0082    _DPL
     0082    _P0_2
     0083    _DPH
     0083    _P0_3
     0084    _P0_4
     0085    _P0_5
     0086    _P0_6
     0087    _P0_7
     0087    _PCON
     0088    _IT0
     0088    _TCON
     0089    _IE0
     0089    _TMOD
     008A    _IT1
     008A    _TL0
     008B    _IE1
     008B    _TL1
     008C    _TH0
     008C    _TR0
     008D    _TF0
     008D    _TH1
     008E    _TR1
     008F    _TF1
     0090    _P1
     0090    _P1_0
     0091    _P1_1
     0092    _P1_2
     0093    _P1_3
     0094    _P1_4
     0095    _P1_5
     0096    _P1_6
     0097    _P1_7
     0098    _RI
     0098    _SCON
     0099    _SBUF
     0099    _TI
     009A    _RB8
     009B    _TB8
     009C    _REN
     009D    _SM2
     009E    _SM1
     009F    _SM0
     00A0    _P2
     00A0    _P2_0
     00A0    __XPAGE
     00A1    _P2_1
     00A2    _P2_2
     00A3    _P2_3
     00A4    _P2_4
     00A5    _P2_5
     00A6    _P2_6
     00A7    _P2_7
     00A8    _EX0
     00A8    _IE
     00A9    _ET0
     00AA    _EX1
     00AB    _ET1
     00AC    _ES
     00AF    _EA
     00B0    _P3
     00B0    _P3_0
     00B0    _RXD
     00B1    _P3_1
     00B1    _TXD
     00B2    _INT0
     00B2    _P3_2
     00B3    _INT1
     00B3    _P3_3
     00B4    _P3_4
     00B4    _T0
     00B5    _P3_5
     00B5    _T1
     00B6    _P3_6
     00B6    _WR
     00B7    _P3_7
     00B7    _RD
     00B8    _IP
     00B8    _PX0
     00B9    _PT0
     00BA    _PX1
     00BB    _PT1
     00BC    _PS
     00D0    _P
     00D0    _PSW
     00D1    _F1
     00D2    _OV
     00D3    _RS0
     00D4    _RS1
     00D5    _F0
     00D6    _AC
     00D7    _CY
     00E0    _ACC
     00F0    _B
     00F5    _B_5
     00F6    _B_6
     00F7    _B_7












Hexadecimal

Area                               Addr   Size   Decimal Bytes (Attributes)
--------------------------------   ----   ----   ------- ----- ------------
SSEG                               0021   00DF =    223. bytes (REL,OVR)

      Value  Global
   --------  --------------------------------
     0021    __start__stack



Hexadecimal

Area                               Addr   Size   Decimal Bytes (Attributes)
--------------------------------   ----   ----   ------- ----- ------------
XSEG                               0000   0397 =    919. bytes (REL,CON,XDATA)

      Value  Global
   --------  --------------------------------
  0D:0127    _setCursorAt_PARM_2
  0D:026B    _configMap_PARM_2
  0D:026E    _setPlayerCursor_PARM_2
  0D:026F    _setPlayerCursor_PARM_3
  0D:0270    _setPlayerCursor_PARM_4
  0D:0272    _LCD_putTextAt_PARM_2
  0D:0273    _LCD_putTextAt_PARM_3
  0D:0289    _LCD_putText_PARM_2
  0D:028A    _LCD_putText_PARM_3
  0D:02C2    _LCD_putCharAt_PARM_2
  0D:02C3    _LCD_putCharAt_PARM_3
  0D:02C5    _LCD_putSCharAt_PARM_2
  0D:02C6    _LCD_putSCharAt_PARM_3
  0D:02C7    _LCD_putSCharAt_PARM_4
  0D:02D0    _delay_PARM_2
  0D:02DB    _SCmap
  0D:031B    _map
  0D:0362    _player
  0D:0367    _serialConfig_PARM_2
  0D:036B    _serialControl_PARM_2
  0D:0372    _Timer0
  0D:0379    _speaker_PARM_2
  0D:037D    _squareWave_PARM_2
  0D:0382    _pow_PARM_2
  0D:0385    __divuint_PARM_2
  0D:038B    __gptrput_PARM_2
  0D:038C    __mulint_PARM_2
  0D:038E    __moduint_PARM_2
  0D:0393    __divsint_PARM_2

Hexadecimal

Area                               Addr   Size   Decimal Bytes (Attributes)
--------------------------------   ----   ----   ------- ----- ------------
XISEG                              0397   01C5 =    453. bytes (REL,CON,XDATA)

      Value  Global
   --------  --------------------------------
  0D:039A    _mainMario_melody
  0D:0436    _mainMario_noteTime
  0D:0484    _underworld_melody
  0D:04F4    _underworld_noteTime
  0D:052C    _adobe_melody
  0D:054C    _adobe_noteTime

Hexadecimal

Area                               Addr   Size   Decimal Bytes (Attributes)
--------------------------------   ----   ----   ------- ----- ------------
HOME                               0000   0013 =     19. bytes (REL,CON,CODE)

      Value  Global
   --------  --------------------------------
  0C:000E    __sdcc_program_startup

Hexadecimal

Area                               Addr   Size   Decimal Bytes (Attributes)
--------------------------------   ----   ----   ------- ----- ------------
GSINIT0                            0013   0003 =      3. bytes (REL,CON,CODE)

      Value  Global
   --------  --------------------------------
  0C:0013    __sdcc_gsinit_startup



Hexadecimal

Area                               Addr   Size   Decimal Bytes (Attributes)
--------------------------------   ----   ----   ------- ----- ------------
GSINIT3                            0020   0022 =     34. bytes (REL,CON,CODE)

      Value  Global
   --------  --------------------------------
  0C:0020    __mcs51_genXINIT

Hexadecimal

Area                               Addr   Size   Decimal Bytes (Attributes)
--------------------------------   ----   ----   ------- ----- ------------
GSINIT4                            0042   002A =     42. bytes (REL,CON,CODE)

      Value  Global
   --------  --------------------------------
  0C:0042    __mcs51_genRAMCLEAR
  0C:0048    __mcs51_genXRAMCLEAR




Hexadecimal

Area                               Addr   Size   Decimal Bytes (Attributes)
--------------------------------   ----   ----   ------- ----- ------------
CSEG                               006F   360D =  13837. bytes (REL,CON,CODE)

      Value  Global
   --------  --------------------------------
  0C:006F    _interruptConfig
  0C:0076    _configs
  0C:009B    _setInitialScreen
  0C:00E3    _setInstructions
  0C:0194    _setLevel1
  0C:02BD    _setLevel2
  0C:03E6    _setLevel3
  0C:050F    _setLevel4
  0C:0638    _setLevel5
  0C:0761    _setFinish
  0C:0797    _main
  0C:07B2    _LCDconfig
  0C:07F6    _setCursorAt
  0C:084E    _setChar
  0C:0867    _printMap
  0C:08D0    _setMap1CGram
  0C:0CEA    _setMap2CGram
  0C:1102    _setMap3CGram
  0C:151A    _setMap4CGram
  0C:1933    _setMap5CGram
  0C:1D4C    _configMap
  0C:1DBF    _setCursorHomeAtLine
  0C:1DFF    _setPlayerCursor
  0C:1ECE    _clearLCD
  0C:1F12    _LCD_putTextAt
  0C:2024    _LCD_putText
  0C:2284    _LCD_putCharAt
  0C:22A5    _LCD_putSCharAt
  0C:22EB    _timerConfig
  0C:2309    _delay
  0C:23E3    _timer
  0C:247B    _transmitter
  0C:2490    _transNumber
  0C:24BE    _receiver
  0C:24C3    _receivedChar
  0C:24CA    _serialConfig
  0C:24F5    _serialBegin
  0C:250D    _serialControl
  0C:2FC4    _speaker
  0C:3098    _squareWave
  0C:313B    _sing
  0C:3241    _pow
  0C:3275    __divuint
  0C:330F    ___fsmul
  0C:33B2    fsgetargs
  0C:33E0    fs_normalize_a
  0C:3409    __gptrput
  0C:3422    __mulint
  0C:3442    __moduint
  0C:34EF    __divsint
  0C:3567    ___uint2fs
  0C:3573    ___fs2uint
  0C:357E    fs_round_and_return
  0C:3596    fs_zerocheck_return
  0C:359F    fs_return_zero
  0C:35A7    fs_direct_return
  0C:35B5    fs_return_inf
  0C:35C2    fs_return_nan
  0C:35CD    __gptrget
  0C:35E9    ___ulong2fs
  0C:35F2    ulong2fs_doit
  0C:35FC    __sdcc_external_startup
  0C:3600    ___fs2ulong
  0C:3602    fs2ulong_begin
  0C:3627    fs_rshift_a
  0C:366A    fsgetarg


ASxxxx Linker V01.75 + NoICE + SDCC Feb 1999,  page 1.

Files Linked      [ module(s) ]

main.rel        
LCD.rel         
TIMER.rel       
SERIAL.rel      
DAC.rel         
Math.rel        

Libraries Linked            [   object  file   ]

C:\mide\sdcc\bin\..\lib\large/libint.lib    [         _divuint ]
C:\mide\sdcc\bin\..\lib\large/libfloat.lib    [           _fsmul ]
C:\mide\sdcc\bin\..\lib\large/libfloat.lib    [      _fsget2args ]
C:\mide\sdcc\bin\..\lib\large/mcs51.lib    [     crtclear.rel ]
C:\mide\sdcc\bin\..\lib\large/libfloat.lib    [     _fsnormalize ]
C:\mide\sdcc\bin\..\lib\large/mcs51.lib    [     crtxinit.rel ]
C:\mide\sdcc\bin\..\lib\large/libsdcc.lib    [         _gptrput ]
C:\mide\sdcc\bin\..\lib\large/libint.lib    [          _mulint ]
C:\mide\sdcc\bin\..\lib\large/libint.lib    [         _moduint ]
C:\mide\sdcc\bin\..\lib\large/libint.lib    [         _divsint ]
C:\mide\sdcc\bin\..\lib\large/mcs51.lib    [    crtxclear.rel ]
C:\mide\sdcc\bin\..\lib\large/libfloat.lib    [         _uint2fs ]
C:\mide\sdcc\bin\..\lib\large/libfloat.lib    [         _fs2uint ]
C:\mide\sdcc\bin\..\lib\large/libfloat.lib    [     _fsreturnval ]
C:\mide\sdcc\bin\..\lib\large/mcs51.lib    [   crtpagesfr.rel ]
C:\mide\sdcc\bin\..\lib\large/mcs51.lib    [     crtstart.rel ]
C:\mide\sdcc\bin\..\lib\large/libsdcc.lib    [         _gptrget ]
C:\mide\sdcc\bin\..\lib\large/libfloat.lib    [        _ulong2fs ]
C:\mide\sdcc\bin\..\lib\large/libsdcc.lib    [         _startup ]
C:\mide\sdcc\bin\..\lib\large/libfloat.lib    [        _fs2ulong ]
C:\mide\sdcc\bin\..\lib\large/libfloat.lib    [        _fsrshift ]
C:\mide\sdcc\bin\..\lib\large/libfloat.lib    [       _fsget1arg ]

ASxxxx Linker V01.75 + NoICE + SDCC Feb 1999,  page 2.

User Base Address Definitions

HOME = 0x0000
ISEG = 0x0000
BSEG = 0x0000

